
> backend@0.0.1 build
> npx prisma generate && nest build

Γùç injecting env (5) from .env // tip: Γîÿ suppress logs { quiet: true }
node.exe : Loaded Prisma 
config from 
prisma.config.js.
At C:\Program 
Files\nodejs\npm.ps1:29 
char:3
+   & $NODE_EXE 
$NPM_CLI_JS $args
+   ~~~~~~~~~~~~~~~~~~~~~~
~~~~~~~
    + CategoryInfo        
      : NotSpecified: (L  
  oaded Prisma c...isma   
 .config.js.:String) [    
], RemoteException
    + FullyQualifiedError 
   Id : NativeCommandErr  
  or
 

Prisma schema loaded from 
prisma\schema.prisma.

Γ£ö Generated Prisma Client (v7.6.0) to .\node_modules\@prisma\client in 76ms

Start by importing your Prisma Client (See: https://pris.ly/d/importing-client)


